should match snapshot:
  1: |
    apiVersion: v1
    kind: ServiceAccount
    metadata:
      labels:
        app.kubernetes.io/component: gpu-operator
        app.kubernetes.io/instance: gpu-operator
        app.kubernetes.io/managed-by: Helm
        app.kubernetes.io/name: gpu-operator
        app.kubernetes.io/version: main-latest
        helm.sh/chart: gpu-operator-v1.0.0-devel
      name: gpu-operator
      namespace: gpu-operator
